../Core/Src/main.cpp:79:5:int main()	8	static
../Core/Src/main.cpp:130:6:void SystemClock_Config()	88	static
../Core/Src/main.cpp:184:13:void MX_TIM3_Init()	64	static
../Core/Src/main.cpp:255:13:void MX_TIM4_Init()	64	static
../Core/Src/main.cpp:326:13:void MX_TIM11_Init()	40	static
../Core/Src/main.cpp:372:13:void MX_USART1_UART_Init()	8	static
../Core/Src/main.cpp:407:13:void MX_USART3_UART_Init()	8	static
../Core/Src/main.cpp:440:13:void MX_DMA_Init()	16	static
../Core/Src/main.cpp:461:13:void MX_GPIO_Init()	56	static
../Core/Src/main.cpp:564:6:void Error_Handler()	4	static,ignoring_inline_asm
