../Core/Inc/roboclaw.cpp:9:1:RoboClaw::RoboClaw(UART_HandleTypeDef*, uint32_t)	24	static
../Core/Inc/roboclaw.cpp:19:1:RoboClaw::~RoboClaw()	16	static
../Core/Inc/roboclaw.cpp:23:6:void RoboClaw::begin(UART_HandleTypeDef*, long int)	24	static
../Core/Inc/roboclaw.cpp:30:6:bool RoboClaw::listen()	16	static
../Core/Inc/roboclaw.cpp:35:6:bool RoboClaw::isListening()	16	static
../Core/Inc/roboclaw.cpp:40:6:bool RoboClaw::overflow()	16	static
../Core/Inc/roboclaw.cpp:46:19:HAL_StatusTypeDef RoboClaw::write(uint8_t)	16	static
../Core/Inc/roboclaw.cpp:51:5:int RoboClaw::read()	24	static
../Core/Inc/roboclaw.cpp:60:5:int RoboClaw::read(uint32_t)	24	static
../Core/Inc/roboclaw.cpp:69:6:void RoboClaw::crc_clear()	16	static
../Core/Inc/roboclaw.cpp:74:6:void RoboClaw::crc_update(uint8_t)	24	static
../Core/Inc/roboclaw.cpp:87:10:uint16_t RoboClaw::crc_get()	16	static
../Core/Inc/roboclaw.cpp:92:6:)	36	static
../Core/Inc/roboclaw.cpp:115:6:)	44	static
../Core/Inc/roboclaw.cpp:193:9:uint8_t RoboClaw::Read1(uint8_t, uint8_t, bool*)	32	static
../Core/Inc/roboclaw.cpp:236:10:uint16_t RoboClaw::Read2(uint8_t, uint8_t, bool*)	32	static
../Core/Inc/roboclaw.cpp:285:10:uint32_t RoboClaw::Read4(uint8_t, uint8_t, bool*)	40	static
../Core/Inc/roboclaw.cpp:346:10:uint32_t RoboClaw::Read4_1(uint8_t, uint8_t, uint8_t*, bool*)	40	static
../Core/Inc/roboclaw.cpp:414:6:bool RoboClaw::ForwardM1(uint8_t, uint8_t)	24	static
../Core/Inc/roboclaw.cpp:418:6:bool RoboClaw::BackwardM1(uint8_t, uint8_t)	24	static
../Core/Inc/roboclaw.cpp:422:6:bool RoboClaw::SetMinVoltageMainBattery(uint8_t, uint8_t)	24	static
../Core/Inc/roboclaw.cpp:426:6:bool RoboClaw::SetMaxVoltageMainBattery(uint8_t, uint8_t)	24	static
../Core/Inc/roboclaw.cpp:430:6:bool RoboClaw::ForwardM2(uint8_t, uint8_t)	24	static
../Core/Inc/roboclaw.cpp:434:6:bool RoboClaw::BackwardM2(uint8_t, uint8_t)	24	static
../Core/Inc/roboclaw.cpp:438:6:bool RoboClaw::ForwardBackwardM1(uint8_t, uint8_t)	24	static
../Core/Inc/roboclaw.cpp:442:6:bool RoboClaw::ForwardBackwardM2(uint8_t, uint8_t)	24	static
../Core/Inc/roboclaw.cpp:446:6:bool RoboClaw::ForwardMixed(uint8_t, uint8_t)	24	static
../Core/Inc/roboclaw.cpp:450:6:bool RoboClaw::BackwardMixed(uint8_t, uint8_t)	24	static
../Core/Inc/roboclaw.cpp:454:6:bool RoboClaw::TurnRightMixed(uint8_t, uint8_t)	24	static
../Core/Inc/roboclaw.cpp:458:6:bool RoboClaw::TurnLeftMixed(uint8_t, uint8_t)	24	static
../Core/Inc/roboclaw.cpp:462:6:bool RoboClaw::ForwardBackwardMixed(uint8_t, uint8_t)	24	static
../Core/Inc/roboclaw.cpp:466:6:bool RoboClaw::LeftRightMixed(uint8_t, uint8_t)	24	static
../Core/Inc/roboclaw.cpp:470:10:uint32_t RoboClaw::ReadEncM1(uint8_t, uint8_t*, bool*)	32	static
../Core/Inc/roboclaw.cpp:474:10:uint32_t RoboClaw::ReadEncM2(uint8_t, uint8_t*, bool*)	32	static
../Core/Inc/roboclaw.cpp:478:10:uint32_t RoboClaw::ReadSpeedM1(uint8_t, uint8_t*, bool*)	32	static
../Core/Inc/roboclaw.cpp:482:10:uint32_t RoboClaw::ReadSpeedM2(uint8_t, uint8_t*, bool*)	32	static
../Core/Inc/roboclaw.cpp:486:6:bool RoboClaw::ResetEncoders(uint8_t)	16	static
../Core/Inc/roboclaw.cpp:490:6:bool RoboClaw::ReadVersion(uint8_t, char*)	32	static
../Core/Inc/roboclaw.cpp:533:6:bool RoboClaw::SetEncM1(uint8_t, int32_t)	48	static
../Core/Inc/roboclaw.cpp:537:6:bool RoboClaw::SetEncM2(uint8_t, int32_t)	48	static
../Core/Inc/roboclaw.cpp:541:10:uint16_t RoboClaw::ReadMainBatteryVoltage(uint8_t, bool*)	24	static
../Core/Inc/roboclaw.cpp:545:10:uint16_t RoboClaw::ReadLogicBatteryVoltage(uint8_t, bool*)	24	static
../Core/Inc/roboclaw.cpp:549:6:bool RoboClaw::SetMinVoltageLogicBattery(uint8_t, uint8_t)	24	static
../Core/Inc/roboclaw.cpp:553:6:bool RoboClaw::SetMaxVoltageLogicBattery(uint8_t, uint8_t)	24	static
../Core/Inc/roboclaw.cpp:557:6:bool RoboClaw::SetM1VelocityPID(uint8_t, float, float, float, uint32_t)	168	static
../Core/Inc/roboclaw.cpp:564:6:bool RoboClaw::SetM2VelocityPID(uint8_t, float, float, float, uint32_t)	168	static
../Core/Inc/roboclaw.cpp:571:10:uint32_t RoboClaw::ReadISpeedM1(uint8_t, uint8_t*, bool*)	32	static
../Core/Inc/roboclaw.cpp:575:10:uint32_t RoboClaw::ReadISpeedM2(uint8_t, uint8_t*, bool*)	32	static
../Core/Inc/roboclaw.cpp:579:6:bool RoboClaw::DutyM1(uint8_t, uint16_t)	24	static
../Core/Inc/roboclaw.cpp:583:6:bool RoboClaw::DutyM2(uint8_t, uint16_t)	24	static
../Core/Inc/roboclaw.cpp:587:6:bool RoboClaw::DutyM1M2(uint8_t, uint16_t, uint16_t)	48	static
../Core/Inc/roboclaw.cpp:591:6:bool RoboClaw::SpeedM1(uint8_t, uint32_t)	48	static
../Core/Inc/roboclaw.cpp:595:6:bool RoboClaw::SpeedM2(uint8_t, uint32_t)	48	static
../Core/Inc/roboclaw.cpp:599:6:bool RoboClaw::SpeedM1M2(uint8_t, uint32_t, uint32_t)	80	static
../Core/Inc/roboclaw.cpp:603:6:bool RoboClaw::SpeedAccelM1(uint8_t, uint32_t, uint32_t)	80	static
../Core/Inc/roboclaw.cpp:607:6:bool RoboClaw::SpeedAccelM2(uint8_t, uint32_t, uint32_t)	80	static
../Core/Inc/roboclaw.cpp:610:6:bool RoboClaw::SpeedAccelM1M2(uint8_t, uint32_t, uint32_t, uint32_t)	112	static
../Core/Inc/roboclaw.cpp:614:6:bool RoboClaw::SpeedDistanceM1(uint8_t, uint32_t, uint32_t, uint8_t)	96	static
../Core/Inc/roboclaw.cpp:618:6:bool RoboClaw::SpeedDistanceM2(uint8_t, uint32_t, uint32_t, uint8_t)	96	static
../Core/Inc/roboclaw.cpp:622:6:bool RoboClaw::SpeedDistanceM1M2(uint8_t, uint32_t, uint32_t, uint32_t, uint32_t, uint8_t)	160	static
../Core/Inc/roboclaw.cpp:626:6:bool RoboClaw::SpeedAccelDistanceM1(uint8_t, uint32_t, uint32_t, uint32_t, uint8_t)	128	static
../Core/Inc/roboclaw.cpp:630:6:bool RoboClaw::SpeedAccelDistanceM2(uint8_t, uint32_t, uint32_t, uint32_t, uint8_t)	128	static
../Core/Inc/roboclaw.cpp:634:6:bool RoboClaw::SpeedAccelDistanceM1M2(uint8_t, uint32_t, uint32_t, uint32_t, uint32_t, uint32_t, uint8_t)	192	static
../Core/Inc/roboclaw.cpp:638:6:bool RoboClaw::ReadBuffers(uint8_t, uint8_t&, uint8_t&)	32	static
../Core/Inc/roboclaw.cpp:648:6:bool RoboClaw::ReadPWMs(uint8_t, int16_t&, int16_t&)	32	static
../Core/Inc/roboclaw.cpp:658:6:bool RoboClaw::ReadCurrents(uint8_t, int16_t&, int16_t&)	32	static
../Core/Inc/roboclaw.cpp:668:6:bool RoboClaw::SpeedAccelM1M2_2(uint8_t, uint32_t, uint32_t, uint32_t, uint32_t)	144	static
../Core/Inc/roboclaw.cpp:672:6:bool RoboClaw::SpeedAccelDistanceM1M2_2(uint8_t, uint32_t, uint32_t, uint32_t, uint32_t, uint32_t, uint32_t, uint8_t)	216	static
../Core/Inc/roboclaw.cpp:676:6:bool RoboClaw::DutyAccelM1(uint8_t, uint16_t, uint32_t)	64	static
../Core/Inc/roboclaw.cpp:680:6:bool RoboClaw::DutyAccelM2(uint8_t, uint16_t, uint32_t)	64	static
../Core/Inc/roboclaw.cpp:684:6:bool RoboClaw::DutyAccelM1M2(uint8_t, uint16_t, uint32_t, uint16_t, uint32_t)	104	static
../Core/Inc/roboclaw.cpp:688:6:bool RoboClaw::ReadM1VelocityPID(uint8_t, float&, float&, float&, uint32_t&)	56	static
../Core/Inc/roboclaw.cpp:697:6:bool RoboClaw::ReadM2VelocityPID(uint8_t, float&, float&, float&, uint32_t&)	56	static
../Core/Inc/roboclaw.cpp:706:6:bool RoboClaw::SetMainVoltages(uint8_t, uint16_t, uint16_t)	48	static
../Core/Inc/roboclaw.cpp:710:6:bool RoboClaw::SetLogicVoltages(uint8_t, uint16_t, uint16_t)	48	static
../Core/Inc/roboclaw.cpp:714:6:bool RoboClaw::ReadMinMaxMainVoltages(uint8_t, uint16_t&, uint16_t&)	32	static
../Core/Inc/roboclaw.cpp:724:6:bool RoboClaw::ReadMinMaxLogicVoltages(uint8_t, uint16_t&, uint16_t&)	32	static
../Core/Inc/roboclaw.cpp:734:6:bool RoboClaw::SetM1PositionPID(uint8_t, float, float, float, uint32_t, uint32_t, uint32_t, uint32_t)	264	static
../Core/Inc/roboclaw.cpp:741:6:bool RoboClaw::SetM2PositionPID(uint8_t, float, float, float, uint32_t, uint32_t, uint32_t, uint32_t)	264	static
../Core/Inc/roboclaw.cpp:748:6:bool RoboClaw::ReadM1PositionPID(uint8_t, float&, float&, float&, uint32_t&, uint32_t&, uint32_t&, uint32_t&)	72	static
../Core/Inc/roboclaw.cpp:757:6:bool RoboClaw::ReadM2PositionPID(uint8_t, float&, float&, float&, uint32_t&, uint32_t&, uint32_t&, uint32_t&)	72	static
../Core/Inc/roboclaw.cpp:766:6:bool RoboClaw::SpeedAccelDeccelPositionM1(uint8_t, uint32_t, uint32_t, uint32_t, uint32_t, uint8_t)	160	static
../Core/Inc/roboclaw.cpp:770:6:bool RoboClaw::SpeedAccelDeccelPositionM2(uint8_t, uint32_t, uint32_t, uint32_t, uint32_t, uint8_t)	160	static
../Core/Inc/roboclaw.cpp:774:6:bool RoboClaw::SpeedAccelDeccelPositionM1M2(uint8_t, uint32_t, uint32_t, uint32_t, uint32_t, uint32_t, uint32_t, uint32_t, uint32_t, uint8_t)	280	static
../Core/Inc/roboclaw.cpp:778:6:bool RoboClaw::SetM1DefaultAccel(uint8_t, uint32_t)	48	static
../Core/Inc/roboclaw.cpp:782:6:bool RoboClaw::SetM2DefaultAccel(uint8_t, uint32_t)	48	static
../Core/Inc/roboclaw.cpp:786:6:bool RoboClaw::SetPinFunctions(uint8_t, uint8_t, uint8_t, uint8_t)	32	static
../Core/Inc/roboclaw.cpp:790:6:bool RoboClaw::GetPinFunctions(uint8_t, uint8_t&, uint8_t&, uint8_t&)	40	static
../Core/Inc/roboclaw.cpp:843:6:bool RoboClaw::SetDeadBand(uint8_t, uint8_t, uint8_t)	24	static
../Core/Inc/roboclaw.cpp:847:6:bool RoboClaw::GetDeadBand(uint8_t, uint8_t&, uint8_t&)	32	static
../Core/Inc/roboclaw.cpp:857:6:bool RoboClaw::ReadEncoders(uint8_t, uint32_t&, uint32_t&)	40	static
../Core/Inc/roboclaw.cpp:862:6:bool RoboClaw::ReadISpeeds(uint8_t, uint32_t&, uint32_t&)	40	static
../Core/Inc/roboclaw.cpp:867:6:bool RoboClaw::RestoreDefaults(uint8_t)	16	static
../Core/Inc/roboclaw.cpp:871:6:bool RoboClaw::ReadTemp(uint8_t, uint16_t&)	32	static
../Core/Inc/roboclaw.cpp:877:6:bool RoboClaw::ReadTemp2(uint8_t, uint16_t&)	32	static
../Core/Inc/roboclaw.cpp:883:10:uint32_t RoboClaw::ReadError(uint8_t, bool*)	24	static
../Core/Inc/roboclaw.cpp:887:6:bool RoboClaw::ReadEncoderModes(uint8_t, uint8_t&, uint8_t&)	32	static
../Core/Inc/roboclaw.cpp:897:6:bool RoboClaw::SetM1EncoderMode(uint8_t, uint8_t)	24	static
../Core/Inc/roboclaw.cpp:901:6:bool RoboClaw::SetM2EncoderMode(uint8_t, uint8_t)	24	static
../Core/Inc/roboclaw.cpp:905:6:bool RoboClaw::WriteNVM(uint8_t)	32	static
../Core/Inc/roboclaw.cpp:909:6:bool RoboClaw::ReadNVM(uint8_t)	16	static
../Core/Inc/roboclaw.cpp:913:6:bool RoboClaw::SetConfig(uint8_t, uint16_t)	24	static
../Core/Inc/roboclaw.cpp:917:6:bool RoboClaw::GetConfig(uint8_t, uint16_t&)	32	static
../Core/Inc/roboclaw.cpp:926:6:bool RoboClaw::SetM1MaxCurrent(uint8_t, uint32_t)	64	static
../Core/Inc/roboclaw.cpp:930:6:bool RoboClaw::SetM2MaxCurrent(uint8_t, uint32_t)	64	static
../Core/Inc/roboclaw.cpp:934:6:bool RoboClaw::ReadM1MaxCurrent(uint8_t, uint32_t&)	48	static
../Core/Inc/roboclaw.cpp:942:6:bool RoboClaw::ReadM2MaxCurrent(uint8_t, uint32_t&)	48	static
../Core/Inc/roboclaw.cpp:950:6:bool RoboClaw::SetPWMMode(uint8_t, uint8_t)	24	static
../Core/Inc/roboclaw.cpp:954:6:bool RoboClaw::GetPWMMode(uint8_t, uint8_t&)	32	static
